C:\Users\Kasper\Documents\GitHub\robtek17\RunninLights\Logical\Global.typ
C:\Users\Kasper\Documents\GitHub\robtek17\RunninLights\Logical\Global.var
C:\Users\Kasper\Documents\GitHub\robtek17\RunninLights\Logical\Libraries\operator\operator.fun
C:\Users\Kasper\Documents\GitHub\robtek17\RunninLights\Logical\Libraries\operator\operator.typ
C:\Users\Kasper\Documents\GitHub\robtek17\RunninLights\Logical\Libraries\operator\operator.var
C:\Users\Kasper\Documents\GitHub\robtek17\RunninLights\Logical\Libraries\runtime\runtime.fun
C:\Users\Kasper\Documents\GitHub\robtek17\RunninLights\Logical\Libraries\runtime\runtime.typ
C:\Users\Kasper\Documents\GitHub\robtek17\RunninLights\Logical\Libraries\runtime\runtime.var
C:\Users\Kasper\Documents\GitHub\robtek17\RunninLights\Logical\Libraries\astime\astime.fun
C:\Users\Kasper\Documents\GitHub\robtek17\RunninLights\Logical\Libraries\astime\astime.typ
C:\Users\Kasper\Documents\GitHub\robtek17\RunninLights\Logical\Libraries\astime\astime.var
C:\Users\Kasper\Documents\GitHub\robtek17\RunninLights\Logical\Libraries\AsIecCon\AsIecCon.fun
C:\Users\Kasper\Documents\GitHub\robtek17\RunninLights\Logical\Libraries\AsIecCon\AsIecCon.typ
C:\Users\Kasper\Documents\GitHub\robtek17\RunninLights\Logical\Libraries\AsIecCon\AsIecCon.var
C:\Users\Kasper\Documents\GitHub\robtek17\RunninLights\Logical\Libraries\standard\standard.fun
C:\Users\Kasper\Documents\GitHub\robtek17\RunninLights\Logical\Libraries\standard\standard.typ
C:\Users\Kasper\Documents\GitHub\robtek17\RunninLights\Logical\Libraries\standard\standard.var
