<?xml version="1.0" encoding="utf-8"?>
<?AutomationStudio Version="4.3.3.196"?>
<Objects>
  <Object
    Path="C:\Users\Kasper\Documents\GitHub\robtek17\RunninLights\Logical\Package.pkg"
    LogicalPath=""
    Type="Package"
    LastWriteTime="131534016906194443" />
  <Object
    Path="C:\Users\Kasper\Documents\GitHub\robtek17\RunninLights\Logical\Global.typ"
    LogicalPath="Global.typ"
    Type="File"
    LastWriteTime="131534009638613172"
    Private="false" />
  <Object
    Path="C:\Users\Kasper\Documents\GitHub\robtek17\RunninLights\Logical\Global.var"
    LogicalPath="Global.var"
    Type="File"
    LastWriteTime="131534009638803320"
    Private="false" />
  <Object
    Path="C:\Users\Kasper\Documents\GitHub\robtek17\RunninLights\Logical\Libraries\Package.pkg"
    LogicalPath="Libraries"
    Type="Package"
    LastWriteTime="131534010533399693" />
  <Object
    Path="C:\Users\Kasper\Documents\GitHub\robtek17\RunninLights\Logical\Libraries\operator\Binary.lby"
    LogicalPath="Libraries.operator"
    Type="Library"
    LastWriteTime="131534009663039453" />
  <Object
    Path="C:\Users\Kasper\Documents\GitHub\robtek17\RunninLights\Logical\Libraries\operator\operator.fun"
    LogicalPath="Libraries.operator.operator.fun"
    Type="File"
    LastWriteTime="131534009662719240"
    Private="false" />
  <Object
    Path="C:\Users\Kasper\Documents\GitHub\robtek17\RunninLights\Logical\Libraries\operator\operator.typ"
    LogicalPath="Libraries.operator.operator.typ"
    Type="File"
    LastWriteTime="131534009662799384"
    Private="false" />
  <Object
    Path="C:\Users\Kasper\Documents\GitHub\robtek17\RunninLights\Logical\Libraries\operator\operator.var"
    LogicalPath="Libraries.operator.operator.var"
    Type="File"
    LastWriteTime="131534009662919373"
    Private="false" />
  <Object
    Path="C:\Users\Kasper\Documents\GitHub\robtek17\RunninLights\Logical\Libraries\runtime\Binary.lby"
    LogicalPath="Libraries.runtime"
    Type="Library"
    LastWriteTime="131534009675928064" />
  <Object
    Path="C:\Users\Kasper\Documents\GitHub\robtek17\RunninLights\Logical\Libraries\runtime\runtime.fun"
    LogicalPath="Libraries.runtime.runtime.fun"
    Type="File"
    LastWriteTime="131534009675337655"
    Private="false" />
  <Object
    Path="C:\Users\Kasper\Documents\GitHub\robtek17\RunninLights\Logical\Libraries\runtime\runtime.typ"
    LogicalPath="Libraries.runtime.runtime.typ"
    Type="File"
    LastWriteTime="131534009675577815"
    Private="false" />
  <Object
    Path="C:\Users\Kasper\Documents\GitHub\robtek17\RunninLights\Logical\Libraries\runtime\runtime.var"
    LogicalPath="Libraries.runtime.runtime.var"
    Type="File"
    LastWriteTime="131534009675898029"
    Private="false" />
  <Object
    Path="C:\Users\Kasper\Documents\GitHub\robtek17\RunninLights\Logical\Libraries\astime\Binary.lby"
    LogicalPath="Libraries.astime"
    Type="Library"
    LastWriteTime="131534009689877345" />
  <Object
    Path="C:\Users\Kasper\Documents\GitHub\robtek17\RunninLights\Logical\Libraries\astime\astime.fun"
    LogicalPath="Libraries.astime.astime.fun"
    Type="File"
    LastWriteTime="131534009689497092"
    Private="false" />
  <Object
    Path="C:\Users\Kasper\Documents\GitHub\robtek17\RunninLights\Logical\Libraries\astime\astime.typ"
    LogicalPath="Libraries.astime.astime.typ"
    Type="File"
    LastWriteTime="131534009689677212"
    Private="false" />
  <Object
    Path="C:\Users\Kasper\Documents\GitHub\robtek17\RunninLights\Logical\Libraries\astime\astime.var"
    LogicalPath="Libraries.astime.astime.var"
    Type="File"
    LastWriteTime="131534009689777285"
    Private="false" />
  <Object
    Path="C:\Users\Kasper\Documents\GitHub\robtek17\RunninLights\Logical\Libraries\AsIecCon\Binary.lby"
    LogicalPath="Libraries.AsIecCon"
    Type="Library"
    LastWriteTime="131534009702956067" />
  <Object
    Path="C:\Users\Kasper\Documents\GitHub\robtek17\RunninLights\Logical\Libraries\AsIecCon\AsIecCon.fun"
    LogicalPath="Libraries.AsIecCon.AsIecCon.fun"
    Type="File"
    LastWriteTime="131534009702745930"
    Private="false" />
  <Object
    Path="C:\Users\Kasper\Documents\GitHub\robtek17\RunninLights\Logical\Libraries\AsIecCon\AsIecCon.typ"
    LogicalPath="Libraries.AsIecCon.AsIecCon.typ"
    Type="File"
    LastWriteTime="131534009702856013"
    Private="false" />
  <Object
    Path="C:\Users\Kasper\Documents\GitHub\robtek17\RunninLights\Logical\Libraries\AsIecCon\AsIecCon.var"
    LogicalPath="Libraries.AsIecCon.AsIecCon.var"
    Type="File"
    LastWriteTime="131534009702916041"
    Private="false" />
  <Object
    Path="C:\Users\Kasper\Documents\GitHub\robtek17\RunninLights\Logical\Libraries\standard\Binary.lby"
    LogicalPath="Libraries.standard"
    Type="Library"
    LastWriteTime="131534010532509103" />
  <Object
    Path="C:\Users\Kasper\Documents\GitHub\robtek17\RunninLights\Logical\Libraries\standard\standard.fun"
    LogicalPath="Libraries.standard.standard.fun"
    Type="File"
    LastWriteTime="131534010532178886"
    Private="false" />
  <Object
    Path="C:\Users\Kasper\Documents\GitHub\robtek17\RunninLights\Logical\Libraries\standard\standard.typ"
    LogicalPath="Libraries.standard.standard.typ"
    Type="File"
    LastWriteTime="131534010532228916"
    Private="false" />
  <Object
    Path="C:\Users\Kasper\Documents\GitHub\robtek17\RunninLights\Logical\Libraries\standard\standard.var"
    LogicalPath="Libraries.standard.standard.var"
    Type="File"
    LastWriteTime="131534010532348996"
    Private="false" />
  <Object
    Path="C:\Users\Kasper\Documents\GitHub\robtek17\RunninLights\Logical\RunningLights\IEC.prg"
    LogicalPath="RunningLights"
    Type="Program"
    LastWriteTime="131534009855127512" />
  <Object
    Path="C:\Users\Kasper\Documents\GitHub\robtek17\RunninLights\Logical\RunningLights\Main.st"
    LogicalPath="RunningLights.Main.st"
    Type="File"
    LastWriteTime="131534123203039846"
    Private="false" />
  <Object
    Path="C:\Users\Kasper\Documents\GitHub\robtek17\RunninLights\Logical\RunningLights\Types.typ"
    LogicalPath="RunningLights.Types.typ"
    Type="File"
    LastWriteTime="131534009855057468"
    Private="true" />
  <Object
    Path="C:\Users\Kasper\Documents\GitHub\robtek17\RunninLights\Logical\RunningLights\Variables.var"
    LogicalPath="RunningLights.Variables.var"
    Type="File"
    LastWriteTime="131534110003624599"
    Private="true" />
  <Object
    Path="C:\Users\Kasper\Documents\GitHub\robtek17\RunninLights\Logical\VisualSDU\Vc.dob"
    LogicalPath="VisualSDU"
    Type="DataObject"
    LastWriteTime="131534016905694110" />
  <Object
    Path="C:\Users\Kasper\Documents\GitHub\robtek17\RunninLights\Logical\VisualSDU\VCObject.vc"
    LogicalPath="VisualSDU.VCObject.vc"
    Type="File"
    LastWriteTime="131534016905574029"
    Private="false" />
  <Object
    Path="C:\Users\Kasper\Documents\GitHub\robtek17\RunninLights\Physical\Config1\Config.pkg"
    LogicalPath="Config1"
    Type="Configuration"
    LastWriteTime="131534009750237585" />
  <Object
    Path="C:\Users\Kasper\Documents\GitHub\robtek17\RunninLights\Physical\Config1\Hardware.hw"
    LogicalPath="Config1.Hardware.hw"
    Type="File"
    LastWriteTime="131545328269499131"
    Private="false" />
  <Object
    Path="C:\Users\Kasper\Documents\GitHub\robtek17\RunninLights\Physical\Config1\Hardware.hwl"
    LogicalPath="Config1.Hardware.hwl"
    Type="File"
    LastWriteTime="131341234740000000"
    Private="false" />
  <Object
    Path="C:\Users\Kasper\Documents\GitHub\robtek17\RunninLights\Physical\Config1\X20CP1382\Cpu.pkg"
    LogicalPath="Config1.X20CP1382"
    Type="Cpu"
    LastWriteTime="131534037295161506" />
  <Object
    Path="C:\Users\Kasper\Documents\GitHub\robtek17\RunninLights\Physical\Config1\X20CP1382\Cpu.sw"
    LogicalPath="Config1.X20CP1382.Cpu.sw"
    Type="File"
    LastWriteTime="131534016913709450"
    Private="false" />
  <Object
    Path="C:\Users\Kasper\Documents\GitHub\robtek17\RunninLights\Physical\Config1\X20CP1382\Cpu.per"
    LogicalPath="Config1.X20CP1382.Cpu.per"
    Type="File"
    LastWriteTime="131534009710721256"
    Private="false" />
  <Object
    Path="C:\Users\Kasper\Documents\GitHub\robtek17\RunninLights\Physical\Config1\X20CP1382\IoMap.iom"
    LogicalPath="Config1.X20CP1382.IoMap.iom"
    Type="File"
    LastWriteTime="131534009710851352"
    Private="false" />
  <Object
    Path="C:\Users\Kasper\Documents\GitHub\robtek17\RunninLights\Physical\Config1\X20CP1382\PvMap.vvm"
    LogicalPath="Config1.X20CP1382.PvMap.vvm"
    Type="File"
    LastWriteTime="131534009710991439"
    Private="false" />
  <Object
    Path="C:\Users\Kasper\Documents\GitHub\robtek17\RunninLights\Physical\Config1\X20CP1382\mapp\Package.pkg"
    LogicalPath="Config1.X20CP1382.mapp"
    Type="Package"
    LastWriteTime="131534009711571820" />
  <Object
    Path="C:\Users\Kasper\Documents\GitHub\robtek17\RunninLights\Physical\Config1\X20CP1382\Connectivity\Package.pkg"
    LogicalPath="Config1.X20CP1382.Connectivity"
    Type="Package"
    LastWriteTime="131534009711972075" />
  <Object
    Path="C:\Users\Kasper\Documents\GitHub\robtek17\RunninLights\Physical\Config1\X20CP1382\Connectivity\OpcUA\Package.pkg"
    LogicalPath="Config1.X20CP1382.Connectivity.OpcUA"
    Type="Package"
    LastWriteTime="131534009711862023" />
  <Object
    Path="C:\Users\Kasper\Documents\GitHub\robtek17\RunninLights\Physical\Config1\X20CP1382\TextSystem\Package.pkg"
    LogicalPath="Config1.X20CP1382.TextSystem"
    Type="Package"
    LastWriteTime="131534009712152213" />
  <Object
    Path="C:\Users\Kasper\Documents\GitHub\robtek17\RunninLights\Physical\Config1\X20CP1382\UnitSystem\Package.pkg"
    LogicalPath="Config1.X20CP1382.UnitSystem"
    Type="Package"
    LastWriteTime="131534009712382364" />
  <Object
    Path="C:\Users\Kasper\Documents\GitHub\robtek17\RunninLights\Physical\Config1\X20CP1382\AccessAndSecurity\Package.pkg"
    LogicalPath="Config1.X20CP1382.AccessAndSecurity"
    Type="Package"
    LastWriteTime="131534009714813970" />
  <Object
    Path="C:\Users\Kasper\Documents\GitHub\robtek17\RunninLights\Physical\Config1\X20CP1382\AccessAndSecurity\UserRoleSystem\Package.pkg"
    LogicalPath="Config1.X20CP1382.AccessAndSecurity.UserRoleSystem"
    Type="Package"
    LastWriteTime="131534009712942725" />
  <Object
    Path="C:\Users\Kasper\Documents\GitHub\robtek17\RunninLights\Physical\Config1\X20CP1382\AccessAndSecurity\UserRoleSystem\Role.role"
    LogicalPath="Config1.X20CP1382.AccessAndSecurity.UserRoleSystem.Role.role"
    Type="File"
    LastWriteTime="131534009712682564"
    Private="false" />
  <Object
    Path="C:\Users\Kasper\Documents\GitHub\robtek17\RunninLights\Physical\Config1\X20CP1382\AccessAndSecurity\UserRoleSystem\User.user"
    LogicalPath="Config1.X20CP1382.AccessAndSecurity.UserRoleSystem.User.user"
    Type="File"
    LastWriteTime="131534009712842677"
    Private="false" />
  <Object
    Path="C:\Users\Kasper\Documents\GitHub\robtek17\RunninLights\Physical\Config1\X20CP1382\AccessAndSecurity\CertificateStore\Package.pkg"
    LogicalPath="Config1.X20CP1382.AccessAndSecurity.CertificateStore"
    Type="Package"
    LastWriteTime="131534009714433722" />
  <Object
    Path="C:\Users\Kasper\Documents\GitHub\robtek17\RunninLights\Physical\Config1\X20CP1382\AccessAndSecurity\CertificateStore\OwnCertificates\Package.pkg"
    LogicalPath="Config1.X20CP1382.AccessAndSecurity.CertificateStore.OwnCertificates"
    Type="Package"
    LastWriteTime="131534009713473076" />
  <Object
    Path="C:\Users\Kasper\Documents\GitHub\robtek17\RunninLights\Physical\Config1\X20CP1382\AccessAndSecurity\CertificateStore\OwnCertificates\Certificates\Package.pkg"
    LogicalPath="Config1.X20CP1382.AccessAndSecurity.CertificateStore.OwnCertificates.Certificates"
    Type="Package"
    LastWriteTime="131534009713212902" />
  <Object
    Path="C:\Users\Kasper\Documents\GitHub\robtek17\RunninLights\Physical\Config1\X20CP1382\AccessAndSecurity\CertificateStore\OwnCertificates\PrivateKeys\Package.pkg"
    LogicalPath="Config1.X20CP1382.AccessAndSecurity.CertificateStore.OwnCertificates.PrivateKeys"
    Type="Package"
    LastWriteTime="131534009713363011" />
  <Object
    Path="C:\Users\Kasper\Documents\GitHub\robtek17\RunninLights\Physical\Config1\X20CP1382\AccessAndSecurity\CertificateStore\ThirdPartyCertificates\Package.pkg"
    LogicalPath="Config1.X20CP1382.AccessAndSecurity.CertificateStore.ThirdPartyCertificates"
    Type="Package"
    LastWriteTime="131534009713903372" />
  <Object
    Path="C:\Users\Kasper\Documents\GitHub\robtek17\RunninLights\Physical\Config1\X20CP1382\AccessAndSecurity\CertificateStore\ThirdPartyCertificates\SoftwareCertificates\Package.pkg"
    LogicalPath="Config1.X20CP1382.AccessAndSecurity.CertificateStore.ThirdPartyCertificates.SoftwareCertificates"
    Type="Package"
    LastWriteTime="131534009713813303" />
  <Object
    Path="C:\Users\Kasper\Documents\GitHub\robtek17\RunninLights\Physical\Config1\X20CP1382\AccessAndSecurity\CertificateStore\CertificateRevocationLists\Package.pkg"
    LogicalPath="Config1.X20CP1382.AccessAndSecurity.CertificateStore.CertificateRevocationLists"
    Type="Package"
    LastWriteTime="131534009714153529" />
  <Object
    Path="C:\Users\Kasper\Documents\GitHub\robtek17\RunninLights\Physical\Config1\X20CP1382\AccessAndSecurity\CertificateStore\CertificateSigningRequests\Package.pkg"
    LogicalPath="Config1.X20CP1382.AccessAndSecurity.CertificateStore.CertificateSigningRequests"
    Type="Package"
    LastWriteTime="131534009714403693" />
  <Object
    Path="C:\Users\Kasper\Documents\GitHub\robtek17\RunninLights\Physical\Config1\X20CP1382\AccessAndSecurity\TransportLayerSecurity\Package.pkg"
    LogicalPath="Config1.X20CP1382.AccessAndSecurity.TransportLayerSecurity"
    Type="Package"
    LastWriteTime="131534009714693890" />
  <Object
    Path="C:\Users\Kasper\Documents\GitHub\robtek17\RunninLights\Physical\Config1\X20CP1382\VC\Package.pkg"
    LogicalPath="Config1.X20CP1382.VC"
    Type="Package"
    LastWriteTime="131534037301775901" />
  <Object
    Path="C:\Users\Kasper\Documents\GitHub\robtek17\RunninLights\Physical\Config1\X20CP1382\VC\PS2-Keyboard.dis"
    LogicalPath="Config1.X20CP1382.VC.PS2-Keyboard.dis"
    Type="File"
    LastWriteTime="131534037305058089"
    Private="false" />
  <Object
    Path="C:\Users\Kasper\Documents\GitHub\robtek17\RunninLights\Physical\Config1\Hardware.jpg"
    LogicalPath="Config1.Hardware.jpg"
    Type="File"
    LastWriteTime="131534010136675235"
    Private="false" />
  <Object
    Path="C:\Users\Kasper\Documents\GitHub\robtek17\RunninLights\Logical\Libraries\AsIecCon\SG4\AsIecCon.h"
    LogicalPath="AsIecCon.h"
    Type="File"
    LastWriteTime="131405575140000000"
    Private="false" />
  <Object
    Path="C:\Users\Kasper\Documents\GitHub\robtek17\RunninLights\Logical\Libraries\astime\SG4\astime.h"
    LogicalPath="astime.h"
    Type="File"
    LastWriteTime="131405575180000000"
    Private="false" />
  <Object
    Path="C:\Users\Kasper\Documents\GitHub\robtek17\RunninLights\Logical\Libraries\operator\SG4\operator.h"
    LogicalPath="operator.h"
    Type="File"
    LastWriteTime="131405575220000000"
    Private="false" />
  <Object
    Path="C:\Users\Kasper\Documents\GitHub\robtek17\RunninLights\Logical\Libraries\runtime\SG4\runtime.h"
    LogicalPath="runtime.h"
    Type="File"
    LastWriteTime="131405575220000000"
    Private="false" />
  <Object
    Path="C:\Users\Kasper\Documents\GitHub\robtek17\RunninLights\Logical\Libraries\standard\SG4\standard.h"
    LogicalPath="standard.h"
    Type="File"
    LastWriteTime="131405575220000000"
    Private="false" />
</Objects>