<?xml version="1.0" encoding="utf-8"?>
<?AutomationStudio Version="4.3.3.196"?>
<Objects>
  <Object
    Path="C:\Users\Mathi\OneDrive\Dokumenter\GitHub\robtek17\RunninLights\Logical\Package.pkg"
    LogicalPath=""
    Type="Package"
    LastWriteTime="131545323137128524" />
  <Object
    Path="C:\Users\Mathi\OneDrive\Dokumenter\GitHub\robtek17\RunninLights\Logical\Global.typ"
    LogicalPath="Global.typ"
    Type="File"
    LastWriteTime="131545323136567605"
    Private="false" />
  <Object
    Path="C:\Users\Mathi\OneDrive\Dokumenter\GitHub\robtek17\RunninLights\Logical\Global.var"
    LogicalPath="Global.var"
    Type="File"
    LastWriteTime="131545323136577623"
    Private="false" />
  <Object
    Path="C:\Users\Mathi\OneDrive\Dokumenter\GitHub\robtek17\RunninLights\Logical\Libraries\Package.pkg"
    LogicalPath="Libraries"
    Type="Package"
    LastWriteTime="131545323136692811" />
  <Object
    Path="C:\Users\Mathi\OneDrive\Dokumenter\GitHub\robtek17\RunninLights\Logical\Libraries\operator\Binary.lby"
    LogicalPath="Libraries.operator"
    Type="Library"
    LastWriteTime="131545323136802990" />
  <Object
    Path="C:\Users\Mathi\OneDrive\Dokumenter\GitHub\robtek17\RunninLights\Logical\Libraries\operator\operator.fun"
    LogicalPath="Libraries.operator.operator.fun"
    Type="File"
    LastWriteTime="131545323136868097"
    Private="false" />
  <Object
    Path="C:\Users\Mathi\OneDrive\Dokumenter\GitHub\robtek17\RunninLights\Logical\Libraries\operator\operator.typ"
    LogicalPath="Libraries.operator.operator.typ"
    Type="File"
    LastWriteTime="131545323136883121"
    Private="false" />
  <Object
    Path="C:\Users\Mathi\OneDrive\Dokumenter\GitHub\robtek17\RunninLights\Logical\Libraries\operator\operator.var"
    LogicalPath="Libraries.operator.operator.var"
    Type="File"
    LastWriteTime="131545323136898145"
    Private="false" />
  <Object
    Path="C:\Users\Mathi\OneDrive\Dokumenter\GitHub\robtek17\RunninLights\Logical\Libraries\runtime\Binary.lby"
    LogicalPath="Libraries.runtime"
    Type="Library"
    LastWriteTime="131545323136913176" />
  <Object
    Path="C:\Users\Mathi\OneDrive\Dokumenter\GitHub\robtek17\RunninLights\Logical\Libraries\runtime\runtime.fun"
    LogicalPath="Libraries.runtime.runtime.fun"
    Type="File"
    LastWriteTime="131545323136978276"
    Private="false" />
  <Object
    Path="C:\Users\Mathi\OneDrive\Dokumenter\GitHub\robtek17\RunninLights\Logical\Libraries\runtime\runtime.typ"
    LogicalPath="Libraries.runtime.runtime.typ"
    Type="File"
    LastWriteTime="131545323136988294"
    Private="false" />
  <Object
    Path="C:\Users\Mathi\OneDrive\Dokumenter\GitHub\robtek17\RunninLights\Logical\Libraries\runtime\runtime.var"
    LogicalPath="Libraries.runtime.runtime.var"
    Type="File"
    LastWriteTime="131545323137003318"
    Private="false" />
  <Object
    Path="C:\Users\Mathi\OneDrive\Dokumenter\GitHub\robtek17\RunninLights\Logical\Libraries\astime\Binary.lby"
    LogicalPath="Libraries.astime"
    Type="Library"
    LastWriteTime="131545323136707835" />
  <Object
    Path="C:\Users\Mathi\OneDrive\Dokumenter\GitHub\robtek17\RunninLights\Logical\Libraries\astime\astime.fun"
    LogicalPath="Libraries.astime.astime.fun"
    Type="File"
    LastWriteTime="131545323136762928"
    Private="false" />
  <Object
    Path="C:\Users\Mathi\OneDrive\Dokumenter\GitHub\robtek17\RunninLights\Logical\Libraries\astime\astime.typ"
    LogicalPath="Libraries.astime.astime.typ"
    Type="File"
    LastWriteTime="131545323136777948"
    Private="false" />
  <Object
    Path="C:\Users\Mathi\OneDrive\Dokumenter\GitHub\robtek17\RunninLights\Logical\Libraries\astime\astime.var"
    LogicalPath="Libraries.astime.astime.var"
    Type="File"
    LastWriteTime="131545323136787970"
    Private="false" />
  <Object
    Path="C:\Users\Mathi\OneDrive\Dokumenter\GitHub\robtek17\RunninLights\Logical\Libraries\AsIecCon\Binary.lby"
    LogicalPath="Libraries.AsIecCon"
    Type="Library"
    LastWriteTime="131545323136632713" />
  <Object
    Path="C:\Users\Mathi\OneDrive\Dokumenter\GitHub\robtek17\RunninLights\Logical\Libraries\AsIecCon\AsIecCon.fun"
    LogicalPath="Libraries.AsIecCon.AsIecCon.fun"
    Type="File"
    LastWriteTime="131545323136602661"
    Private="false" />
  <Object
    Path="C:\Users\Mathi\OneDrive\Dokumenter\GitHub\robtek17\RunninLights\Logical\Libraries\AsIecCon\AsIecCon.typ"
    LogicalPath="Libraries.AsIecCon.AsIecCon.typ"
    Type="File"
    LastWriteTime="131545323136612676"
    Private="false" />
  <Object
    Path="C:\Users\Mathi\OneDrive\Dokumenter\GitHub\robtek17\RunninLights\Logical\Libraries\AsIecCon\AsIecCon.var"
    LogicalPath="Libraries.AsIecCon.AsIecCon.var"
    Type="File"
    LastWriteTime="131545323136622694"
    Private="false" />
  <Object
    Path="C:\Users\Mathi\OneDrive\Dokumenter\GitHub\robtek17\RunninLights\Logical\Libraries\standard\Binary.lby"
    LogicalPath="Libraries.standard"
    Type="Library"
    LastWriteTime="131545323137023355" />
  <Object
    Path="C:\Users\Mathi\OneDrive\Dokumenter\GitHub\robtek17\RunninLights\Logical\Libraries\standard\standard.fun"
    LogicalPath="Libraries.standard.standard.fun"
    Type="File"
    LastWriteTime="131545323137093464"
    Private="false" />
  <Object
    Path="C:\Users\Mathi\OneDrive\Dokumenter\GitHub\robtek17\RunninLights\Logical\Libraries\standard\standard.typ"
    LogicalPath="Libraries.standard.standard.typ"
    Type="File"
    LastWriteTime="131545323137103482"
    Private="false" />
  <Object
    Path="C:\Users\Mathi\OneDrive\Dokumenter\GitHub\robtek17\RunninLights\Logical\Libraries\standard\standard.var"
    LogicalPath="Libraries.standard.standard.var"
    Type="File"
    LastWriteTime="131545323137118506"
    Private="false" />
  <Object
    Path="C:\Users\Mathi\OneDrive\Dokumenter\GitHub\robtek17\RunninLights\Logical\RunningLights\IEC.prg"
    LogicalPath="RunningLights"
    Type="Program"
    LastWriteTime="131545323137168586" />
  <Object
    Path="C:\Users\Mathi\OneDrive\Dokumenter\GitHub\robtek17\RunninLights\Logical\RunningLights\Main.st"
    LogicalPath="RunningLights.Main.st"
    Type="File"
    LastWriteTime="131545323137178608"
    Private="false" />
  <Object
    Path="C:\Users\Mathi\OneDrive\Dokumenter\GitHub\robtek17\RunninLights\Logical\RunningLights\Types.typ"
    LogicalPath="RunningLights.Types.typ"
    Type="File"
    LastWriteTime="131545323137188623"
    Private="true" />
  <Object
    Path="C:\Users\Mathi\OneDrive\Dokumenter\GitHub\robtek17\RunninLights\Logical\RunningLights\Variables.var"
    LogicalPath="RunningLights.Variables.var"
    Type="File"
    LastWriteTime="131545323137203646"
    Private="true" />
  <Object
    Path="C:\Users\Mathi\OneDrive\Dokumenter\GitHub\robtek17\RunninLights\Logical\VisualSDU\Vc.dob"
    LogicalPath="VisualSDU"
    Type="DataObject"
    LastWriteTime="131545323143223519" />
  <Object
    Path="C:\Users\Mathi\OneDrive\Dokumenter\GitHub\robtek17\RunninLights\Logical\VisualSDU\VCObject.vc"
    LogicalPath="VisualSDU.VCObject.vc"
    Type="File"
    LastWriteTime="131545323143213500"
    Private="false" />
  <Object
    Path="C:\Users\Mathi\OneDrive\Dokumenter\GitHub\robtek17\RunninLights\Physical\Config1\Config.pkg"
    LogicalPath="Config1"
    Type="Configuration"
    LastWriteTime="131545323143263576" />
  <Object
    Path="C:\Users\Mathi\OneDrive\Dokumenter\GitHub\robtek17\RunninLights\Physical\Config1\Hardware.hw"
    LogicalPath="Config1.Hardware.hw"
    Type="File"
    LastWriteTime="131545330491669657"
    Private="false" />
  <Object
    Path="C:\Users\Mathi\OneDrive\Dokumenter\GitHub\robtek17\RunninLights\Physical\Config1\Hardware.hwl"
    LogicalPath="Config1.Hardware.hwl"
    Type="File"
    LastWriteTime="131545323143283613"
    Private="false" />
  <Object
    Path="C:\Users\Mathi\OneDrive\Dokumenter\GitHub\robtek17\RunninLights\Physical\Config1\X20CP1382\Cpu.pkg"
    LogicalPath="Config1.X20CP1382"
    Type="Cpu"
    LastWriteTime="131545323143614161" />
  <Object
    Path="C:\Users\Mathi\OneDrive\Dokumenter\GitHub\robtek17\RunninLights\Physical\Config1\X20CP1382\Cpu.sw"
    LogicalPath="Config1.X20CP1382.Cpu.sw"
    Type="File"
    LastWriteTime="131545323143629177"
    Private="false" />
  <Object
    Path="C:\Users\Mathi\OneDrive\Dokumenter\GitHub\robtek17\RunninLights\Physical\Config1\X20CP1382\Cpu.per"
    LogicalPath="Config1.X20CP1382.Cpu.per"
    Type="File"
    LastWriteTime="131545323143599134"
    Private="false" />
  <Object
    Path="C:\Users\Mathi\OneDrive\Dokumenter\GitHub\robtek17\RunninLights\Physical\Config1\X20CP1382\IoMap.iom"
    LogicalPath="Config1.X20CP1382.IoMap.iom"
    Type="File"
    LastWriteTime="131545323143639195"
    Private="false" />
  <Object
    Path="C:\Users\Mathi\OneDrive\Dokumenter\GitHub\robtek17\RunninLights\Physical\Config1\X20CP1382\PvMap.vvm"
    LogicalPath="Config1.X20CP1382.PvMap.vvm"
    Type="File"
    LastWriteTime="131545323143649209"
    Private="false" />
  <Object
    Path="C:\Users\Mathi\OneDrive\Dokumenter\GitHub\robtek17\RunninLights\Physical\Config1\X20CP1382\mapp\Package.pkg"
    LogicalPath="Config1.X20CP1382.mapp"
    Type="Package"
    LastWriteTime="131545323143719322" />
  <Object
    Path="C:\Users\Mathi\OneDrive\Dokumenter\GitHub\robtek17\RunninLights\Physical\Config1\X20CP1382\Connectivity\Package.pkg"
    LogicalPath="Config1.X20CP1382.Connectivity"
    Type="Package"
    LastWriteTime="131545323143589115" />
  <Object
    Path="C:\Users\Mathi\OneDrive\Dokumenter\GitHub\robtek17\RunninLights\Physical\Config1\X20CP1382\Connectivity\OpcUA\Package.pkg"
    LogicalPath="Config1.X20CP1382.Connectivity.OpcUA"
    Type="Package"
    LastWriteTime="131545323143579097" />
  <Object
    Path="C:\Users\Mathi\OneDrive\Dokumenter\GitHub\robtek17\RunninLights\Physical\Config1\X20CP1382\TextSystem\Package.pkg"
    LogicalPath="Config1.X20CP1382.TextSystem"
    Type="Package"
    LastWriteTime="131545323143664233" />
  <Object
    Path="C:\Users\Mathi\OneDrive\Dokumenter\GitHub\robtek17\RunninLights\Physical\Config1\X20CP1382\UnitSystem\Package.pkg"
    LogicalPath="Config1.X20CP1382.UnitSystem"
    Type="Package"
    LastWriteTime="131545323143679257" />
  <Object
    Path="C:\Users\Mathi\OneDrive\Dokumenter\GitHub\robtek17\RunninLights\Physical\Config1\X20CP1382\AccessAndSecurity\Package.pkg"
    LogicalPath="Config1.X20CP1382.AccessAndSecurity"
    Type="Package"
    LastWriteTime="131545323143473923" />
  <Object
    Path="C:\Users\Mathi\OneDrive\Dokumenter\GitHub\robtek17\RunninLights\Physical\Config1\X20CP1382\AccessAndSecurity\UserRoleSystem\Package.pkg"
    LogicalPath="Config1.X20CP1382.AccessAndSecurity.UserRoleSystem"
    Type="Package"
    LastWriteTime="131545323143524007" />
  <Object
    Path="C:\Users\Mathi\OneDrive\Dokumenter\GitHub\robtek17\RunninLights\Physical\Config1\X20CP1382\AccessAndSecurity\UserRoleSystem\Role.role"
    LogicalPath="Config1.X20CP1382.AccessAndSecurity.UserRoleSystem.Role.role"
    Type="File"
    LastWriteTime="131545323143544048"
    Private="false" />
  <Object
    Path="C:\Users\Mathi\OneDrive\Dokumenter\GitHub\robtek17\RunninLights\Physical\Config1\X20CP1382\AccessAndSecurity\UserRoleSystem\User.user"
    LogicalPath="Config1.X20CP1382.AccessAndSecurity.UserRoleSystem.User.user"
    Type="File"
    LastWriteTime="131545323143554059"
    Private="false" />
  <Object
    Path="C:\Users\Mathi\OneDrive\Dokumenter\GitHub\robtek17\RunninLights\Physical\Config1\X20CP1382\AccessAndSecurity\CertificateStore\Package.pkg"
    LogicalPath="Config1.X20CP1382.AccessAndSecurity.CertificateStore"
    Type="Package"
    LastWriteTime="131545323143423839" />
  <Object
    Path="C:\Users\Mathi\OneDrive\Dokumenter\GitHub\robtek17\RunninLights\Physical\Config1\X20CP1382\AccessAndSecurity\CertificateStore\OwnCertificates\Package.pkg"
    LogicalPath="Config1.X20CP1382.AccessAndSecurity.CertificateStore.OwnCertificates"
    Type="Package"
    LastWriteTime="131545323143393796" />
  <Object
    Path="C:\Users\Mathi\OneDrive\Dokumenter\GitHub\robtek17\RunninLights\Physical\Config1\X20CP1382\AccessAndSecurity\CertificateStore\OwnCertificates\Certificates\Package.pkg"
    LogicalPath="Config1.X20CP1382.AccessAndSecurity.CertificateStore.OwnCertificates.Certificates"
    Type="Package"
    LastWriteTime="131545323143383773" />
  <Object
    Path="C:\Users\Mathi\OneDrive\Dokumenter\GitHub\robtek17\RunninLights\Physical\Config1\X20CP1382\AccessAndSecurity\CertificateStore\OwnCertificates\PrivateKeys\Package.pkg"
    LogicalPath="Config1.X20CP1382.AccessAndSecurity.CertificateStore.OwnCertificates.PrivateKeys"
    Type="Package"
    LastWriteTime="131545323143413825" />
  <Object
    Path="C:\Users\Mathi\OneDrive\Dokumenter\GitHub\robtek17\RunninLights\Physical\Config1\X20CP1382\AccessAndSecurity\CertificateStore\ThirdPartyCertificates\Package.pkg"
    LogicalPath="Config1.X20CP1382.AccessAndSecurity.CertificateStore.ThirdPartyCertificates"
    Type="Package"
    LastWriteTime="131545323143438867" />
  <Object
    Path="C:\Users\Mathi\OneDrive\Dokumenter\GitHub\robtek17\RunninLights\Physical\Config1\X20CP1382\AccessAndSecurity\CertificateStore\ThirdPartyCertificates\SoftwareCertificates\Package.pkg"
    LogicalPath="Config1.X20CP1382.AccessAndSecurity.CertificateStore.ThirdPartyCertificates.SoftwareCertificates"
    Type="Package"
    LastWriteTime="131545323143458904" />
  <Object
    Path="C:\Users\Mathi\OneDrive\Dokumenter\GitHub\robtek17\RunninLights\Physical\Config1\X20CP1382\AccessAndSecurity\CertificateStore\CertificateRevocationLists\Package.pkg"
    LogicalPath="Config1.X20CP1382.AccessAndSecurity.CertificateStore.CertificateRevocationLists"
    Type="Package"
    LastWriteTime="131545323143333706" />
  <Object
    Path="C:\Users\Mathi\OneDrive\Dokumenter\GitHub\robtek17\RunninLights\Physical\Config1\X20CP1382\AccessAndSecurity\CertificateStore\CertificateSigningRequests\Package.pkg"
    LogicalPath="Config1.X20CP1382.AccessAndSecurity.CertificateStore.CertificateSigningRequests"
    Type="Package"
    LastWriteTime="131545323143348721" />
  <Object
    Path="C:\Users\Mathi\OneDrive\Dokumenter\GitHub\robtek17\RunninLights\Physical\Config1\X20CP1382\AccessAndSecurity\TransportLayerSecurity\Package.pkg"
    LogicalPath="Config1.X20CP1382.AccessAndSecurity.TransportLayerSecurity"
    Type="Package"
    LastWriteTime="131545323143503970" />
  <Object
    Path="C:\Users\Mathi\OneDrive\Dokumenter\GitHub\robtek17\RunninLights\Physical\Config1\X20CP1382\VC\Package.pkg"
    LogicalPath="Config1.X20CP1382.VC"
    Type="Package"
    LastWriteTime="131545323143704299" />
  <Object
    Path="C:\Users\Mathi\OneDrive\Dokumenter\GitHub\robtek17\RunninLights\Physical\Config1\X20CP1382\VC\PS2-Keyboard.dis"
    LogicalPath="Config1.X20CP1382.VC.PS2-Keyboard.dis"
    Type="File"
    LastWriteTime="131545323143694288"
    Private="false" />
  <Object
    Path="C:\Users\Mathi\OneDrive\Dokumenter\GitHub\robtek17\RunninLights\Physical\Config1\Hardware.jpg"
    LogicalPath="Config1.Hardware.jpg"
    Type="File"
    LastWriteTime="131545323143298637"
    Private="false" />
  <Object
    Path="C:\Users\Mathi\OneDrive\Dokumenter\GitHub\robtek17\RunninLights\Logical\Libraries\AsIecCon\SG4\AsIecCon.h"
    LogicalPath="AsIecCon.h"
    Type="File"
    LastWriteTime="131545323136662760"
    Private="false" />
  <Object
    Path="C:\Users\Mathi\OneDrive\Dokumenter\GitHub\robtek17\RunninLights\Logical\Libraries\astime\SG4\astime.h"
    LogicalPath="astime.h"
    Type="File"
    LastWriteTime="131545323136737886"
    Private="false" />
  <Object
    Path="C:\Users\Mathi\OneDrive\Dokumenter\GitHub\robtek17\RunninLights\Logical\Libraries\operator\SG4\operator.h"
    LogicalPath="operator.h"
    Type="File"
    LastWriteTime="131545323136838046"
    Private="false" />
  <Object
    Path="C:\Users\Mathi\OneDrive\Dokumenter\GitHub\robtek17\RunninLights\Logical\Libraries\runtime\SG4\runtime.h"
    LogicalPath="runtime.h"
    Type="File"
    LastWriteTime="131545323136948233"
    Private="false" />
  <Object
    Path="C:\Users\Mathi\OneDrive\Dokumenter\GitHub\robtek17\RunninLights\Logical\Libraries\standard\SG4\standard.h"
    LogicalPath="standard.h"
    Type="File"
    LastWriteTime="131545323137063421"
    Private="false" />
</Objects>